[lab.westilian.com/matmix-admin/list-view/tables.html]
[backblue.gif]
[fade.gif]
[index.html]
[lab.westilian.com/matmix-admin/list-view/css/font-awesome.css]
[lab.westilian.com/matmix-admin/list-view/css/animate.css]
[lab.westilian.com/matmix-admin/list-view/css/bootstrap.css]
[lab.westilian.com/matmix-admin/list-view/css/waves.css]
[lab.westilian.com/matmix-admin/list-view/css/layout.css]
[lab.westilian.com/matmix-admin/list-view/css/components.css]
[lab.westilian.com/matmix-admin/list-view/css/common-styles.css]
[lab.westilian.com/matmix-admin/list-view/css/plugins.css]
[lab.westilian.com/matmix-admin/list-view/css/pages.css]
[lab.westilian.com/matmix-admin/list-view/css/responsive.css]
[lab.westilian.com/matmix-admin/list-view/css/matmix-iconfont.css]
[lab.westilian.com/matmix-admin/list-view/index.html]
[lab.westilian.com/matmix-admin/list-view/images/logo-iconic.png]
[lab.westilian.com/matmix-admin/list-view/images/logo-large.png]
[lab.westilian.com/matmix-admin/list-view/dashboard-01.html]
[lab.westilian.com/matmix-admin/list-view/dashboard-02.html]
[lab.westilian.com/matmix-admin/list-view/dashboard-03.html]
[lab.westilian.com/matmix-admin/list-view/basic-forms.html]
[lab.westilian.com/matmix-admin/list-view/advanced-form-elements.html]
[lab.westilian.com/matmix-admin/list-view/summernote-wysiwyg.html]
[lab.westilian.com/matmix-admin/list-view/date-picker.html]
[lab.westilian.com/matmix-admin/list-view/color-picker.html]
[lab.westilian.com/matmix-admin/list-view/form-validation.html]
[lab.westilian.com/matmix-admin/list-view/advanced-form-validation.html]
[lab.westilian.com/matmix-admin/list-view/signup.html]
[lab.westilian.com/matmix-admin/list-view/data-tables.html]
[lab.westilian.com/matmix-admin/list-view/basic-tables.html]
[lab.westilian.com/matmix-admin/list-view/stack-tables.html]
[lab.westilian.com/matmix-admin/list-view/ui-elements-components.html]
[lab.westilian.com/matmix-admin/list-view/buttons-icons.html]
[lab.westilian.com/matmix-admin/list-view/blank-widgets.html]
[lab.westilian.com/matmix-admin/list-view/bootstrap-elements.html]
[lab.westilian.com/matmix-admin/list-view/grid-portlets.html]
[lab.westilian.com/matmix-admin/list-view/widgets.html]
[lab.westilian.com/matmix-admin/list-view/typography.html]
[lab.westilian.com/matmix-admin/list-view/calendar.html]
[lab.westilian.com/matmix-admin/list-view/flot-chart.html]
[lab.westilian.com/matmix-admin/list-view/sparkline.html]
[lab.westilian.com/matmix-admin/list-view/easy-pie.html]
[lab.westilian.com/matmix-admin/list-view/forum.html]
[lab.westilian.com/matmix-admin/list-view/forum-details.html]
[lab.westilian.com/matmix-admin/list-view/inbox.html]
[lab.westilian.com/matmix-admin/list-view/note.html]
[lab.westilian.com/matmix-admin/list-view/task.html]
[lab.westilian.com/matmix-admin/list-view/login.html]
[lab.westilian.com/matmix-admin/list-view/invoice.html]
[lab.westilian.com/matmix-admin/list-view/error-page.html]
[lab.westilian.com/matmix-admin/list-view/images/avatar/adellecharles.jpg]
[lab.westilian.com/matmix-admin/list-view/images/avatar/allisongrayce.jpg]
[lab.westilian.com/matmix-admin/list-view/images/avatar/amarkdalen.jpg]
[lab.westilian.com/matmix-admin/list-view/images/avatar/annapickard.jpg]
[lab.westilian.com/matmix-admin/list-view/images/avatar/bobbyjkane.jpg]
[lab.westilian.com/matmix-admin/list-view/images/avatar/chexee.jpg]
[lab.westilian.com/matmix-admin/list-view/images/avatar/coreyweb.jpg]
[lab.westilian.com/matmix-admin/list-view/images/avatar/jaman.jpg]
[lab.westilian.com/matmix-admin/list-view/images/avatar/littlenono.jpg]
[lab.westilian.com/matmix-admin/list-view/images/avatar/geeftvorm.jpg]
[lab.westilian.com/matmix-admin/list-view/images/avatar/mko.jpg]
[lab.westilian.com/matmix-admin/list-view/images/avatar/marktimemedia.jpg]
[lab.westilian.com/matmix-admin/list-view/images/avatar/oykun.jpg]
[lab.westilian.com/matmix-admin/list-view/images/avatar/uxceo.jpg]
[lab.westilian.com/matmix-admin/list-view/js/jquery-migrate-1.2.1.min.js]
[lab.westilian.com/matmix-admin/list-view/js/jquery.loadmask.js]
[lab.westilian.com/matmix-admin/list-view/js/jRespond.min.js]
[lab.westilian.com/matmix-admin/list-view/js/nav-accordion.js]
[lab.westilian.com/matmix-admin/list-view/js/hoverintent.js]
[lab.westilian.com/matmix-admin/list-view/js/jquery-1.11.2.min.js]
[lab.westilian.com/matmix-admin/list-view/js/bootstrap.min.js]
[lab.westilian.com/matmix-admin/list-view/js/waves.js]
[lab.westilian.com/matmix-admin/list-view/js/icheck.js]
[lab.westilian.com/matmix-admin/list-view/js/jquery.elastic.js]
[lab.westilian.com/matmix-admin/list-view/js/jquery.events.input.js]
[lab.westilian.com/matmix-admin/list-view/js/underscore.js]
[lab.westilian.com/matmix-admin/list-view/js/select2.js]
[lab.westilian.com/matmix-admin/list-view/js/jquery.mentionsInput.js]
[lab.westilian.com/matmix-admin/list-view/js/bootstrap-filestyle.js]
[lab.westilian.com/matmix-admin/list-view/js/chart/easypie/jquery.easypiechart.min.js]
[lab.westilian.com/matmix-admin/list-view/js/smart-resize.js]
[lab.westilian.com/matmix-admin/list-view/js/summernote.min.js]
[lab.westilian.com/matmix-admin/list-view/js/chart/sparkline/jquery.sparkline.js]
[lab.westilian.com/matmix-admin/list-view/js/dataTables.responsive.js]
[lab.westilian.com/matmix-admin/list-view/js/dataTables.bootstrap.js]
[lab.westilian.com/matmix-admin/list-view/js/stacktable.js]
[lab.westilian.com/matmix-admin/list-view/js/dataTables.tableTools.js]
[lab.westilian.com/matmix-admin/list-view/js/bootbox.js]
[lab.westilian.com/matmix-admin/list-view/js/layout.init.js]
[lab.westilian.com/matmix-admin/list-view/tables.html]
[lab.westilian.com/matmix-admin/list-view/js/retina.min.js]
[lab.westilian.com/matmix-admin/list-view/fonts/fontawesome-webfonte0a5.eot]
[lab.westilian.com/matmix-admin/list-view/js/matmix.init.js]
[lab.westilian.com/matmix-admin/list-view/js/sweetalert.js]
[lab.westilian.com/matmix-admin/list-view/fonts/fontawesome-webfontd41d.eot]
[lab.westilian.com/matmix-admin/list-view/fonts/fontawesome-webfonte0a5.woff]
[lab.westilian.com/matmix-admin/list-view/js/jquery.dataTables.js]
[lab.westilian.com/matmix-admin/list-view/fonts/fontawesome-webfonte0a5.woff2]
[lab.westilian.com/matmix-admin/list-view/fonts/fontawesome-webfonte0a5.ttf]
[lab.westilian.com/matmix-admin/list-view/css/font-awesome.css]
[lab.westilian.com/matmix-admin/list-view/fonts/glyphicons-halflings-regular.eot]
[lab.westilian.com/matmix-admin/list-view/fonts/glyphicons-halflings-regulard41d.eot]
[lab.westilian.com/matmix-admin/list-view/fonts/glyphicons-halflings-regular.woff2]
[lab.westilian.com/matmix-admin/list-view/fonts/glyphicons-halflings-regular.woff]
[lab.westilian.com/matmix-admin/list-view/fonts/glyphicons-halflings-regular.ttf]
[lab.westilian.com/matmix-admin/list-view/css/bootstrap.css]
[lab.westilian.com/matmix-admin/list-view/css/animate.css]
[lab.westilian.com/matmix-admin/list-view/css/waves.css]
[lab.westilian.com/matmix-admin/list-view/css/layout.css]
[lab.westilian.com/matmix-admin/list-view/css/components.css]
[lab.westilian.com/matmix-admin/list-view/images/icheck-minimal/minimal.png]
[lab.westilian.com/matmix-admin/list-view/images/icheck-minimal/minimal@2x.png]
[lab.westilian.com/matmix-admin/list-view/images/icheck-minimal/red.png]
[lab.westilian.com/matmix-admin/list-view/images/icheck-minimal/red@2x.png]
[lab.westilian.com/matmix-admin/list-view/images/icheck-minimal/green.png]
[lab.westilian.com/matmix-admin/list-view/images/icheck-minimal/green@2x.png]
[lab.westilian.com/matmix-admin/list-view/images/icheck-minimal/blue.png]
[lab.westilian.com/matmix-admin/list-view/images/icheck-minimal/blue@2x.png]
[lab.westilian.com/matmix-admin/list-view/images/icheck-minimal/aero.png]
[lab.westilian.com/matmix-admin/list-view/images/icheck-minimal/aero@2x.png]
[lab.westilian.com/matmix-admin/list-view/images/icheck-minimal/grey.png]
[lab.westilian.com/matmix-admin/list-view/images/icheck-minimal/grey@2x.png]
[lab.westilian.com/matmix-admin/list-view/images/icheck-minimal/orange@2x.png]
[lab.westilian.com/matmix-admin/list-view/images/icheck-minimal/yellow.png]
[lab.westilian.com/matmix-admin/list-view/images/icheck-minimal/yellow@2x.png]
[lab.westilian.com/matmix-admin/list-view/images/icheck-minimal/pink.png]
[lab.westilian.com/matmix-admin/list-view/images/icheck-minimal/pink@2x.png]
[lab.westilian.com/matmix-admin/list-view/images/icheck-minimal/purple.png]
[lab.westilian.com/matmix-admin/list-view/images/icheck-minimal/purple@2x.png]
[lab.westilian.com/matmix-admin/list-view/images/icheck-square/square.png]
[lab.westilian.com/matmix-admin/list-view/images/icheck-square/red.png]
[lab.westilian.com/matmix-admin/list-view/images/icheck-square/red@2x.png]
[lab.westilian.com/matmix-admin/list-view/images/icheck-square/green.png]
[lab.westilian.com/matmix-admin/list-view/images/icheck-square/green@2x.png]
[lab.westilian.com/matmix-admin/list-view/images/icheck-square/blue.png]
[lab.westilian.com/matmix-admin/list-view/images/icheck-square/blue@2x.png]
[lab.westilian.com/matmix-admin/list-view/images/icheck-square/aero.png]
[lab.westilian.com/matmix-admin/list-view/images/icheck-square/aero@2x.png]
[lab.westilian.com/matmix-admin/list-view/images/icheck-square/grey.png]
[lab.westilian.com/matmix-admin/list-view/images/icheck-square/grey@2x.png]
[lab.westilian.com/matmix-admin/list-view/images/icheck-square/orange.png]
[lab.westilian.com/matmix-admin/list-view/images/icheck-square/orange@2x.png]
[lab.westilian.com/matmix-admin/list-view/images/icheck-square/yellow.png]
[lab.westilian.com/matmix-admin/list-view/images/icheck-square/yellow@2x.png]
[lab.westilian.com/matmix-admin/list-view/images/icheck-square/pink.png]
[lab.westilian.com/matmix-admin/list-view/images/icheck-square/pink@2x.png]
[lab.westilian.com/matmix-admin/list-view/images/icheck-square/purple.png]
[lab.westilian.com/matmix-admin/list-view/images/icheck-square/purple@2x.png]
[lab.westilian.com/matmix-admin/list-view/images/select2.png]
[lab.westilian.com/matmix-admin/list-view/images/select2-spinner.gif]
[lab.westilian.com/matmix-admin/list-view/images/saturation.png]
[lab.westilian.com/matmix-admin/list-view/images/hue.png]
[lab.westilian.com/matmix-admin/list-view/images/alpha.png]
[lab.westilian.com/matmix-admin/list-view/images/hue-horizontal.png]
[lab.westilian.com/matmix-admin/list-view/images/alpha-horizontal.png]
[lab.westilian.com/matmix-admin/list-view/images/collection.png]
[lab.westilian.com/matmix-admin/list-view/images/collection_hover.png]
[lab.westilian.com/matmix-admin/list-view/css/plugins.css]
[lab.westilian.com/matmix-admin/list-view/css/common-styles.css]
[lab.westilian.com/matmix-admin/list-view/css/pages.css]
[lab.westilian.com/matmix-admin/list-view/css/responsive.css]
[lab.westilian.com/matmix-admin/list-view/fonts/matmix-iconsb0d6.eot]
[lab.westilian.com/matmix-admin/list-view/fonts/matmix-iconsd41d.eot]
[lab.westilian.com/matmix-admin/list-view/fonts/matmix-iconsb0d6.ttf]
[lab.westilian.com/matmix-admin/list-view/fonts/matmix-iconsb0d6.woff]
[lab.westilian.com/matmix-admin/list-view/css/matmix-iconfont.css]
[lab.westilian.com/matmix-admin/list-view/js/switchery.js]
[lab.westilian.com/matmix-admin/list-view/js/animation.js]
[lab.westilian.com/matmix-admin/list-view/js/colorpicker.js]
[lab.westilian.com/matmix-admin/list-view/js/bootstrap-datepicker.js]
[lab.westilian.com/matmix-admin/list-view/js/chart/flot/excanvas.min.js]
[lab.westilian.com/matmix-admin/list-view/js/chart/flot/curvedLines.js]
[lab.westilian.com/matmix-admin/list-view/js/moment.js]
[lab.westilian.com/matmix-admin/list-view/js/chart/flot/jquery.flot.min.js]
[lab.westilian.com/matmix-admin/list-view/js/chart/flot/jquery.flot.time.min.js]
[lab.westilian.com/matmix-admin/list-view/js/chart/flot/jquery.flot.stack.min.js]
[lab.westilian.com/matmix-admin/list-view/js/chart/flot/jquery.flot.axislabels.js]
[lab.westilian.com/matmix-admin/list-view/js/chart/flot/jquery.flot.resize.min.js]
[lab.westilian.com/matmix-admin/list-view/js/chart/flot/jquery.flot.tooltip.min.js]
[lab.westilian.com/matmix-admin/list-view/js/chart/flot/jquery.flot.spline.js]
[lab.westilian.com/matmix-admin/list-view/index.html]
[lab.westilian.com/matmix-admin/list-view/dashboard-01.html]
[lab.westilian.com/matmix-admin/list-view/dashboard-02.html]
[lab.westilian.com/matmix-admin/list-view/js/chart/flot/jquery.flot.pie.min.js]
[lab.westilian.com/matmix-admin/list-view/dashboard-03.html]
[lab.westilian.com/matmix-admin/list-view/basic-forms.html]
[lab.westilian.com/matmix-admin/list-view/js/chart.init.js]
[lab.westilian.com/matmix-admin/list-view/js/jquery.tagsinput.js]
[lab.westilian.com/matmix-admin/list-view/js/jquery.mask.js]
[lab.westilian.com/matmix-admin/list-view/advanced-form-elements.html]
[lab.westilian.com/matmix-admin/list-view/summernote-wysiwyg.html]
[lab.westilian.com/matmix-admin/list-view/js/jquery.bootstrap-touchspin.js]
[lab.westilian.com/matmix-admin/list-view/js/calendar/fullcalendar.js]
[lab.westilian.com/matmix-admin/list-view/date-picker.html]
[lab.westilian.com/matmix-admin/list-view/js/colors.js]
[lab.westilian.com/matmix-admin/list-view/color-picker.html]
[lab.westilian.com/matmix-admin/list-view/js/selectize.js]
[lab.westilian.com/matmix-admin/list-view/js/daterangepicker.js]
[lab.westilian.com/matmix-admin/list-view/js/jqColorPicker.js]
[lab.westilian.com/matmix-admin/list-view/js/jquery.validate.js]
[lab.westilian.com/matmix-admin/list-view/form-validation.html]
[lab.westilian.com/matmix-admin/list-view/js/additional-methods.js]
[lab.westilian.com/matmix-admin/list-view/advanced-form-validation.html]
[lab.westilian.com/matmix-admin/list-view/signup.html]
[lab.westilian.com/matmix-admin/list-view/data-tables.html]
[lab.westilian.com/matmix-admin/list-view/basic-tables.html]
[lab.westilian.com/matmix-admin/list-view/stack-tables.html]
[lab.westilian.com/matmix-admin/list-view/js/form.validate.init.js]
[lab.westilian.com/matmix-admin/list-view/js/jquery.noty.js]
[lab.westilian.com/matmix-admin/list-view/ui-elements-components.html]
[lab.westilian.com/matmix-admin/list-view/buttons-icons.html]
[lab.westilian.com/matmix-admin/list-view/blank-widgets.html]
[lab.westilian.com/matmix-admin/list-view/bootstrap-elements.html]
[lab.westilian.com/matmix-admin/list-view/js/form/bootstrapValidator.js]
[lab.westilian.com/matmix-admin/list-view/grid-portlets.html]
[lab.westilian.com/matmix-admin/list-view/widgets.html]
[lab.westilian.com/matmix-admin/list-view/typography.html]
[lab.westilian.com/matmix-admin/list-view/calendar.html]
[lab.westilian.com/matmix-admin/list-view/js/jquery.syntaxhighlighter.js]
[lab.westilian.com/matmix-admin/list-view/js/jquery.nouislider.js]
[lab.westilian.com/matmix-admin/list-view/flot-chart.html]
[lab.westilian.com/matmix-admin/list-view/sparkline.html]
[lab.westilian.com/matmix-admin/list-view/easy-pie.html]
[lab.westilian.com/matmix-admin/list-view/js/chart/flot/jquery.flot.pie.js]
[lab.westilian.com/matmix-admin/list-view/images/avatar/kevinthompson.jpg]
[lab.westilian.com/matmix-admin/list-view/forum.html]
[lab.westilian.com/matmix-admin/list-view/forum-details.html]
[lab.westilian.com/matmix-admin/list-view/inbox.html]
[lab.westilian.com/matmix-admin/list-view/note.html]
[lab.westilian.com/matmix-admin/list-view/task.html]
[lab.westilian.com/matmix-admin/list-view/js/jquery.key.js]
[lab.westilian.com/matmix-admin/list-view/images/avatar/jaman-01.jpg]
[lab.westilian.com/matmix-admin/list-view/login.html]
[lab.westilian.com/matmix-admin/list-view/invoice.html]
[lab.westilian.com/matmix-admin/list-view/js/floatlabels.js]
[lab.westilian.com/matmix-admin/list-view/images/logo-dark-large.png]
[lab.westilian.com/matmix-admin/list-view/error-page.html]
[lab.westilian.com/matmix-admin/list-view/fonts/fontawesome-webfonte0a5.svg]
[lab.westilian.com/matmix-admin/list-view/fonts/glyphicons-halflings-regular.svg]
[lab.westilian.com/matmix-admin/list-view/fonts/matmix-iconsb0d6.svg]
[lab.westilian.com/matmix-admin/list-view/css/orange.html]
[lab.westilian.com/matmix-admin/list-view/css/select2x2.html]
